Ôû▓ Next.js 16.1.1 (Turbopack)
- Environments: .env.local

  Creating an optimized production build ...
npx : 
At line:1 char:1
+ npx next build 2>&1 | Out-File -FilePath build_output.txt; 
Get-Conten ...
+ ~~~~~~~~~~~~~~~~~~~
    + CategoryInfo          : NotSpecified: (:String) [], Rem 
   oteException
    + FullyQualifiedErrorId : NativeCommandError
 
> Build error occurred
Error: Turbopack build failed with 1 errors:
./src/app/settings/profile/profile.module.css
Transforming CSS failed
Selector "h1" is not pure. Pure selectors must contain at 
least one local class or id.

Import traces:
  Client Component Browser:
    ./src/app/settings/profile/profile.module.css [Client 
Component Browser]
    ./src/app/settings/profile/page.tsx [Client Component 
Browser]
    ./src/app/settings/profile/page.tsx [Server Component]

  Client Component SSR:
    ./src/app/settings/profile/profile.module.css [Client 
Component SSR]
    ./src/app/settings/profile/page.tsx [Client Component SSR]
    ./src/app/settings/profile/page.tsx [Server Component]


    at ignore-listed frames
